// Jest Snapshot v1, https://goo.gl/fbAQLP

exports[`renders correctly 1`] = `
<View
  style={
    Object {
      "flex": 1,
    }
  }
>
  <View
    style={
      Object {
        "alignItems": "center",
        "flex": 1,
        "justifyContent": "center",
      }
    }
  >
    <ActivityIndicator
      animating={true}
      color="#5e2a84"
      hidesWhenStopped={true}
      size="large"
    />
  </View>
  <View
    accessible={true}
    isTVSelectable={true}
    onResponderGrant={[Function]}
    onResponderMove={[Function]}
    onResponderRelease={[Function]}
    onResponderTerminate={[Function]}
    onResponderTerminationRequest={[Function]}
    onStartShouldSetResponder={[Function]}
    style={
      Object {
        "alignItems": "center",
        "backgroundColor": "#5e2a84",
        "borderRadius": 50,
        "bottom": 18,
        "elevation": 4,
        "height": 50,
        "justifyContent": "center",
        "opacity": 1,
        "padding": 30,
        "position": "absolute",
        "right": 18,
        "width": 50,
      }
    }
  >
    <Image
      source={
        Object {
          "testUri": "../../../src/images/check_button.png",
        }
      }
      style={
        Object {
          "resizeMode": "contain",
        }
      }
    />
  </View>
</View>
`;
