// Jest Snapshot v1, https://goo.gl/fbAQLP

exports[`Component EmotionSad should render without erros 1`] = `
<View
  style={
    Object {
      "alignItems": "center",
      "flex": 1,
      "justifyContent": "center",
    }
  }
>
  <Image
    source={
      Object {
        "testUri": "../../../src/images/triste.png",
      }
    }
    style={
      Object {
        "resizeMode": "contain",
        "width": 150,
      }
    }
  />
  <Text
    style={
      Object {
        "color": "#2d3142",
        "fontSize": 35,
        "fontWeight": "bold",
      }
    }
  >
    Produtos indispon√≠veis no momento
  </Text>
</View>
`;
