// Jest Snapshot v1, https://goo.gl/fbAQLP

exports[`Component Loading should render without erros 1`] = `
<View
  style={
    Object {
      "alignItems": "center",
      "flex": 1,
      "justifyContent": "center",
    }
  }
>
  <ActivityIndicator
    animating={true}
    color="#5e2a84"
    hidesWhenStopped={true}
    size="large"
  />
</View>
`;
